Aichi
Covid
Coronavirus 
Australian bat lyssavirus
BK polyomavirus
Banna
Barmah forest
Bunyamwera
Bunyavirus La Crosse
Bunyavirus snowshoe hare
Cercopithecine herpesvirus
Chandipura
Chikungunya
Cosavirus A
Cowpox
Coxsackievirus
Crimean-Congo hemorrhagic fever
Dengue
Dhori
Dugbe
Duvenhage
Eastern equine encephalitis
Ebolavirus
Echovirus
Encephalomyocarditis
Epstein-Barr
European bat lyssavirus
GB C/Hepatitis G
Hantaan
Hendra
Hepatitis A
Hepatitis B
Hepatitis C
Hepatitis E
Hepatitis delta
Horsepox
Human adenovirus
Human astrovirus
Human coronavirus
Human cytomegalovirus
Human enterovirus 68, 70
Human herpesvirus 1
Human herpesvirus 2
Human herpesvirus 6
Human herpesvirus 7
Human herpesvirus 8
Human immunodeficiency
Human papillomavirus 1
Human papillomavirus 2
Human papillomavirus 16,18
Human parainfluenza
Human parvovirus B19
Human respiratory syncytial
Human rhinovirus
Human SARS coronavirus
Human spumaretrovirus
Human T-lymphotropic
Human torovirus
Influenza A
Influenza B
Influenza C
Isfahan
JC polyomavirus
Japanese encephalitis
Junin arenavirus
KI Polyomavirus
Kunjin
Lagos bat
Lake Victoria marburgvirus
Langat
Lassa
Lordsdale
Louping ill
Lymphocytic choriomeningitis
Machupo
Mayaro
MERS coronavirus
Measles
Mengo encephalomyocarditis
Merkel cell polyomavirus
Mokola
Molluscum contagiosum
Monkeypox
Mumps
Murray valley encephalitis
New York
Nipah
Norwalk
O'nyong-nyong
Orf
Oropouche
Pichinde
Poliovirus
Punta toro phlebovirus
Puumala
Rabies
Rift valley fever
Rosavirus A
Ross river
Rotavirus A
Rotavirus B
Rotavirus C
Rubella
Sagiyama
Salivirus A
Sandfly fever sicilian
Sapporo
SARS coronavirus 2
Semliki forest
Seoul
Simian foamy
Simian 5
Sindbis
Southampton
St. louis encephalitis
Tick-borne powassan
Torque teno
Toscana
Uukuniemi
Vaccinia
Varicella-zoster
Variola
Venezuelan equine encephalitis
Vesicular stomatitis
Western equine encephalitis
WU polyomavirus
West Nile
Yaba monkey tumor
Yaba-like disease
Yellow fever
Zika
Gastroenteritis
Encephalitis
Meningitis
myocarditis
paralysis
Fever
encephalitis
Thrombocytopaenia
Encephalitis
cold
Encephalitis
Mononucleosis
Encephalitis
Hepatitis
Respiratory
Gastroenteritis
Respiratory
Mononucleosis
pneumonia
Diarrhea
neurological disorder
AIDS
cancer
Respiratory
Respiratory
Leukemia
Gastroenteritis
Flu
Encephalitis
Encephalitis
Hemorrhagic fever
Encephalitis
Gastroenteritis
Respiratory
Encephalitis
Encephalitis
Encephalitis
Encephalitis
Gastroenteritis
Poliomyelitis
Fever
joint pain
Gastroenteritis
Gastroenteritis
Covid-19
Gastroenteritis
Encephalitis
Varicella
Variola
None
Encephalitis
rash